
> frontend@0.1.0 build
> next build

??Next.js 16.2.0 (Turbopack)
- Environments: .env.local

node.exe : ??The "middleware" file convention is deprecated. Please use "proxy"
 instead. Learn more: https://nextjs.org/docs/messages/middleware-to-proxy
位於 線路:1 字元:1
+ & "C:\nvm4w\nodejs/node.exe" "C:\nvm4w\nodejs/node_modules/npm/bin/np ...
+ ~~~~~~~~~~~~~~~~~~~~~~~~~~~~~~~~~~~~~~~~~~~~~~~~~~~~~~~~~~~~~~~~~~~~~
    + CategoryInfo          : NotSpecified: (??The "middlewa...leware-to-proxy 
   :String) [], RemoteException
    + FullyQualifiedErrorId : NativeCommandError
 
  Creating an optimized production build ...
??Compiled successfully in 4.2s
  Running TypeScript ...
  Finished TypeScript in 4.2s ...
  Collecting page data using 11 workers ...
  Generating static pages using 11 workers (0/17) ...
  Generating static pages using 11 workers (4/17) 
  Generating static pages using 11 workers (8/17) 
  Generating static pages using 11 workers (12/17) 
??Generating static pages using 11 workers (17/17) in 460ms
  Finalizing page optimization ...

Route (app)
??? /
??? /_not-found
??? /accounts/login
??? /accounts/register
??? /api/accounts/profile
??? /api/auth/[...nextauth]
??? /api/isbn
??? /api/me
??? /api/nsfw-check
??? /auth/post-login
??? /dashboard
??? /first-login
??? /listings
??? /listings/[id]
??? /listings/create
??? /login
??? /notifications


? Proxy (Middleware)

?  (Dynamic)  server-rendered on demand

